{
  "version": "1.5.0",
  "plugins_used": [
    {
      "name": "ArtifactoryDetector"
    },
    {
      "name": "AWSKeyDetector"
    },
    {
      "name": "AzureStorageKeyDetector"
    },
    {
      "name": "Base64HighEntropyString",
      "limit": 4.5
    },
    {
      "name": "BasicAuthDetector"
    },
    {
      "name": "CloudantDetector"
    },
    {
      "name": "DiscordBotTokenDetector"
    },
    {
      "name": "GitHubTokenDetector"
    },
    {
      "name": "GitLabTokenDetector"
    },
    {
      "name": "HexHighEntropyString",
      "limit": 3.0
    },
    {
      "name": "IbmCloudIamDetector"
    },
    {
      "name": "IbmCosHmacDetector"
    },
    {
      "name": "IPPublicDetector"
    },
    {
      "name": "JwtTokenDetector"
    },
    {
      "name": "KeywordDetector",
      "keyword_exclude": ""
    },
    {
      "name": "MailchimpDetector"
    },
    {
      "name": "NpmDetector"
    },
    {
      "name": "OpenAIDetector"
    },
    {
      "name": "PrivateKeyDetector"
    },
    {
      "name": "PypiTokenDetector"
    },
    {
      "name": "SendGridDetector"
    },
    {
      "name": "SlackDetector"
    },
    {
      "name": "SoftlayerDetector"
    },
    {
      "name": "SquareOAuthDetector"
    },
    {
      "name": "StripeDetector"
    },
    {
      "name": "TelegramBotTokenDetector"
    },
    {
      "name": "TwilioKeyDetector"
    }
  ],
  "filters_used": [
    {
      "path": "detect_secrets.filters.allowlist.is_line_allowlisted"
    },
    {
      "path": "detect_secrets.filters.common.is_ignored_due_to_verification_policies",
      "min_level": 2
    },
    {
      "path": "detect_secrets.filters.heuristic.is_indirect_reference"
    },
    {
      "path": "detect_secrets.filters.heuristic.is_likely_id_string"
    },
    {
      "path": "detect_secrets.filters.heuristic.is_lock_file"
    },
    {
      "path": "detect_secrets.filters.heuristic.is_not_alphanumeric_string"
    },
    {
      "path": "detect_secrets.filters.heuristic.is_potential_uuid"
    },
    {
      "path": "detect_secrets.filters.heuristic.is_prefixed_with_dollar_sign"
    },
    {
      "path": "detect_secrets.filters.heuristic.is_sequential_string"
    },
    {
      "path": "detect_secrets.filters.heuristic.is_swagger_file"
    },
    {
      "path": "detect_secrets.filters.heuristic.is_templated_secret"
    },
    {
      "path": "detect_secrets.filters.regex.should_exclude_file",
      "pattern": [
        "^(frontend/package-lock\\.json|document-parser/uv\\.lock|embedding-service/uv\\.lock)$"
      ]
    }
  ],
  "results": {
    "document-parser/main.py": [
      {
        "type": "Secret Keyword",
        "filename": "document-parser/main.py",
        "hashed_secret": "fa9beb99e4029ad5a6615399e7bbae21356086b3",
        "is_verified": false,
        "line_number": 118
      }
    ],
    "document-parser/tests/test_api_stores.py": [
      {
        "type": "Secret Keyword",
        "filename": "document-parser/tests/test_api_stores.py",
        "hashed_secret": "996e35de57a02b8c71534fb9bcbf1dafc3cd6f69",
        "is_verified": false,
        "line_number": 239
      },
      {
        "type": "Secret Keyword",
        "filename": "document-parser/tests/test_api_stores.py",
        "hashed_secret": "352228d32de263d7a0183dcb26e101c27812800b",
        "is_verified": false,
        "line_number": 312
      },
      {
        "type": "Secret Keyword",
        "filename": "document-parser/tests/test_api_stores.py",
        "hashed_secret": "c00dbbc9dadfbe1e232e93a729dd4752fade0abf",
        "is_verified": false,
        "line_number": 333
      },
      {
        "type": "Secret Keyword",
        "filename": "document-parser/tests/test_api_stores.py",
        "hashed_secret": "b63f6f1a19fb11b7488963ac116e0c5f4388e85b",
        "is_verified": false,
        "line_number": 336
      }
    ],
    "document-parser/tests/test_hashing.py": [
      {
        "type": "Hex High Entropy String",
        "filename": "document-parser/tests/test_hashing.py",
        "hashed_secret": "244f421f896bdcdd2784dccf4eaf7c8dfd5189b5",
        "is_verified": false,
        "line_number": 17
      },
      {
        "type": "Hex High Entropy String",
        "filename": "document-parser/tests/test_hashing.py",
        "hashed_secret": "839c4a92ac97bf52bef63d648c3d49c358ae913c",
        "is_verified": false,
        "line_number": 96
      }
    ],
    "document-parser/tests/test_opensearch_pool.py": [
      {
        "type": "Secret Keyword",
        "filename": "document-parser/tests/test_opensearch_pool.py",
        "hashed_secret": "c00dbbc9dadfbe1e232e93a729dd4752fade0abf",
        "is_verified": false,
        "line_number": 87
      },
      {
        "type": "Secret Keyword",
        "filename": "document-parser/tests/test_opensearch_pool.py",
        "hashed_secret": "c2a6b03f190dfb2b4aa91f8af8d477a9bc3401dc",
        "is_verified": false,
        "line_number": 88
      }
    ],
    "document-parser/tests/test_serve_converter.py": [
      {
        "type": "Secret Keyword",
        "filename": "document-parser/tests/test_serve_converter.py",
        "hashed_secret": "61ba747fe2f5b3d513c40550084c6284fbbc1094",
        "is_verified": false,
        "line_number": 680
      }
    ],
    "document-parser/tests/test_settings.py": [
      {
        "type": "Secret Keyword",
        "filename": "document-parser/tests/test_settings.py",
        "hashed_secret": "dff6d4ff5dc357cf451d1855ab9cbda562645c9f",
        "is_verified": false,
        "line_number": 181
      }
    ],
    "document-parser/tests/test_store_backend_resolver.py": [
      {
        "type": "Secret Keyword",
        "filename": "document-parser/tests/test_store_backend_resolver.py",
        "hashed_secret": "d832ed59b00e9383ee784c23e22c20a3919c6552",
        "is_verified": false,
        "line_number": 118
      },
      {
        "type": "Secret Keyword",
        "filename": "document-parser/tests/test_store_backend_resolver.py",
        "hashed_secret": "29bd7221f3f65ad35a287d5e4ad4e7fdfb480629",
        "is_verified": false,
        "line_number": 128
      },
      {
        "type": "Secret Keyword",
        "filename": "document-parser/tests/test_store_backend_resolver.py",
        "hashed_secret": "60524c3f9b1d92b4088acf0c9430c826f4702392",
        "is_verified": false,
        "line_number": 237
      },
      {
        "type": "Secret Keyword",
        "filename": "document-parser/tests/test_store_backend_resolver.py",
        "hashed_secret": "124cd511e4fb134289c705ad85500ef3e6117590",
        "is_verified": false,
        "line_number": 322
      },
      {
        "type": "Secret Keyword",
        "filename": "document-parser/tests/test_store_backend_resolver.py",
        "hashed_secret": "8be9ee9fd1adf62fd14bc7ebd2b288da7b500172",
        "is_verified": false,
        "line_number": 334
      }
    ],
    "document-parser/tests/test_store_repo.py": [
      {
        "type": "Secret Keyword",
        "filename": "document-parser/tests/test_store_repo.py",
        "hashed_secret": "93f6b7b158a389c82510986ffaef1460c93093f7",
        "is_verified": false,
        "line_number": 214
      },
      {
        "type": "Secret Keyword",
        "filename": "document-parser/tests/test_store_repo.py",
        "hashed_secret": "cbe1323b39c7774081acd14746c1ca25c67a5b8e",
        "is_verified": false,
        "line_number": 230
      },
      {
        "type": "Secret Keyword",
        "filename": "document-parser/tests/test_store_repo.py",
        "hashed_secret": "e4409ea5d59a7d7fe116452dcde53614cefb6836",
        "is_verified": false,
        "line_number": 256
      },
      {
        "type": "Secret Keyword",
        "filename": "document-parser/tests/test_store_repo.py",
        "hashed_secret": "a2b005fff8fe1f7897243e62be6388dc2d3da6f7",
        "is_verified": false,
        "line_number": 274
      }
    ],
    "document-parser/tests/test_store_service.py": [
      {
        "type": "Secret Keyword",
        "filename": "document-parser/tests/test_store_service.py",
        "hashed_secret": "e5e9fa1ba31ecd1ae84f75caaa474f3a663f05f4",
        "is_verified": false,
        "line_number": 464
      },
      {
        "type": "Secret Keyword",
        "filename": "document-parser/tests/test_store_service.py",
        "hashed_secret": "8ad7d21c71b049b7003ba31b5f1322974df77ac8",
        "is_verified": false,
        "line_number": 499
      },
      {
        "type": "Secret Keyword",
        "filename": "document-parser/tests/test_store_service.py",
        "hashed_secret": "b63f6f1a19fb11b7488963ac116e0c5f4388e85b",
        "is_verified": false,
        "line_number": 525
      }
    ],
    "frontend/src/features/store/ui/connectionForm.logic.test.ts": [
      {
        "type": "Secret Keyword",
        "filename": "frontend/src/features/store/ui/connectionForm.logic.test.ts",
        "hashed_secret": "1264bdfe5ff3215cf6abac2152fff607f7dc78dc",
        "is_verified": false,
        "line_number": 6
      },
      {
        "type": "Secret Keyword",
        "filename": "frontend/src/features/store/ui/connectionForm.logic.test.ts",
        "hashed_secret": "9169005bdc5f3c1f3e75de403a914494681adc73",
        "is_verified": false,
        "line_number": 8
      },
      {
        "type": "Secret Keyword",
        "filename": "frontend/src/features/store/ui/connectionForm.logic.test.ts",
        "hashed_secret": "e5e9fa1ba31ecd1ae84f75caaa474f3a663f05f4",
        "is_verified": false,
        "line_number": 110
      },
      {
        "type": "Secret Keyword",
        "filename": "frontend/src/features/store/ui/connectionForm.logic.test.ts",
        "hashed_secret": "b63f6f1a19fb11b7488963ac116e0c5f4388e85b",
        "is_verified": false,
        "line_number": 174
      },
      {
        "type": "Secret Keyword",
        "filename": "frontend/src/features/store/ui/connectionForm.logic.test.ts",
        "hashed_secret": "b790cfebf1cd30713edcddc5153b87812a42f55f",
        "is_verified": false,
        "line_number": 187
      }
    ],
    "frontend/src/pages/DocIngestTab.logic.test.ts": [
      {
        "type": "Hex High Entropy String",
        "filename": "frontend/src/pages/DocIngestTab.logic.test.ts",
        "hashed_secret": "90bd1b48e958257948487b90bee080ba5ed00caa",
        "is_verified": false,
        "line_number": 437
      }
    ],
    "frontend/src/shared/i18n.ts": [
      {
        "type": "Secret Keyword",
        "filename": "frontend/src/shared/i18n.ts",
        "hashed_secret": "94e2f3ee14b92e2e675a8f6118d28738dbf5c6ba",
        "is_verified": false,
        "line_number": 605
      },
      {
        "type": "Secret Keyword",
        "filename": "frontend/src/shared/i18n.ts",
        "hashed_secret": "64153b3b2beefe87ab8c005b00b731785d31b4ea",
        "is_verified": false,
        "line_number": 612
      },
      {
        "type": "Secret Keyword",
        "filename": "frontend/src/shared/i18n.ts",
        "hashed_secret": "6ef3c010ee446fee1446618f12c9a38262ac8e42",
        "is_verified": false,
        "line_number": 613
      },
      {
        "type": "Secret Keyword",
        "filename": "frontend/src/shared/i18n.ts",
        "hashed_secret": "8be3c943b1609fffbfc51aad666d0a04adf83c9d",
        "is_verified": false,
        "line_number": 1230
      },
      {
        "type": "Secret Keyword",
        "filename": "frontend/src/shared/i18n.ts",
        "hashed_secret": "35195946e70f7483fb2b12cc3b59e4a2cf3ca2a0",
        "is_verified": false,
        "line_number": 1234
      },
      {
        "type": "Secret Keyword",
        "filename": "frontend/src/shared/i18n.ts",
        "hashed_secret": "d76265292165e5489bb9800da3fa4937639e9ecf",
        "is_verified": false,
        "line_number": 1235
      },
      {
        "type": "Secret Keyword",
        "filename": "frontend/src/shared/i18n.ts",
        "hashed_secret": "e40123b4e7879a56fc22171a9ae637d418288daa",
        "is_verified": false,
        "line_number": 1236
      }
    ]
  },
  "generated_at": "2026-06-27T02:15:22Z"
}
